Actual:

Villa #57
The problem can be solved in 21 steps:
- Switch on light in room 5.
- Move to room 5.
- Switch on light in room 8.
- Move to room 1.
- Move to room 8.
- Switch on light in room 7.
- Move to room 1.
- Move to room 7.
- Switch on light in room 2.
- Move to room 2.
- Switch off light in room 8.
- Switch on light in room 10.
- Switch off light in room 5.
- Move to room 10.
- Switch on light in room 9.
- Move to room 9.
- Switch off light in room 2.
- Move to room 10.
- Switch off light in room 9.
- Switch off light in room 1.
- Switch off light in room 7.

Expected:

Villa #57
The problem can be solved in 20 steps:
- Switch on light in room 5.
- Move to room 5.
- Switch on light in room 4.
- Switch on light in room 8.
- Move to room 1.
- Move to room 8.
- Move to room 4.
- Switch off light in room 5.
- Switch on light in room 6.
- Move to room 8.
- Move to room 6.
- Switch off light in room 8.
- Switch on light in room 9.
- Switch on light in room 10.
- Move to room 9.
- Switch off light in room 4.
- Switch off light in room 6.
- Move to room 10.
- Switch off light in room 1.
- Switch off light in room 9.
